// Jest Snapshot v1, https://goo.gl/fbAQLP

exports[`Autocomplete Rendered 1`] = `
<div>
  <div
    aria-owns={null}
    className="MuiAutocomplete-root MuiAutocomplete-hasPopupIcon css-1jtatcx-MuiAutocomplete-root"
    onClick={[Function]}
    onKeyDown={[Function]}
    onMouseDown={[Function]}
  >
    <div
      className="MuiFormControl-root MuiFormControl-fullWidth MuiTextField-root w-full css-bz5xn5-MuiFormControl-root-MuiTextField-root"
    >
      <div
        className="MuiOutlinedInput-root MuiInputBase-root MuiInputBase-colorPrimary MuiInputBase-fullWidth MuiInputBase-formControl MuiInputBase-adornedEnd MuiAutocomplete-inputRoot css-154xyx0-MuiInputBase-root-MuiOutlinedInput-root"
        data-testid="text-field"
        onClick={[Function]}
      >
        <input
          aria-activedescendant={null}
          aria-autocomplete="list"
          aria-expanded={false}
          aria-invalid={false}
          autoCapitalize="none"
          autoComplete="off"
          autoFocus={false}
          className="MuiOutlinedInput-input MuiInputBase-input MuiInputBase-inputAdornedEnd MuiAutocomplete-input MuiAutocomplete-inputFocused css-nxo287-MuiInputBase-input-MuiOutlinedInput-input"
          disabled={false}
          name=""
          onAnimationStart={[Function]}
          onBlur={[Function]}
          onChange={[Function]}
          onFocus={[Function]}
          onMouseDown={[Function]}
          readOnly={false}
          required={false}
          role="combobox"
          spellCheck="false"
          type="text"
          value=""
        />
        <div
          className="MuiAutocomplete-endAdornment css-1q60rmi-MuiAutocomplete-endAdornment"
        >
          <button
            aria-label="Open"
            className="MuiButtonBase-root MuiIconButton-root MuiIconButton-sizeMedium MuiAutocomplete-popupIndicator css-qzbt6i-MuiButtonBase-root-MuiIconButton-root-MuiAutocomplete-popupIndicator"
            disabled={false}
            onBlur={[Function]}
            onClick={[Function]}
            onContextMenu={[Function]}
            onDragLeave={[Function]}
            onFocus={[Function]}
            onKeyDown={[Function]}
            onKeyUp={[Function]}
            onMouseDown={[Function]}
            onMouseLeave={[Function]}
            onMouseUp={[Function]}
            onTouchEnd={[Function]}
            onTouchMove={[Function]}
            onTouchStart={[Function]}
            tabIndex={-1}
            title="Open"
            type="button"
          >
            <svg>
              downArrowBlack.svg
            </svg>
          </button>
        </div>
        <fieldset
          aria-hidden={true}
          className="MuiOutlinedInput-notchedOutline css-1d3z3hw-MuiOutlinedInput-notchedOutline"
        >
          <legend
            className="css-hdw1oc"
          >
            <span
              className="notranslate"
            >
              â€‹
            </span>
          </legend>
        </fieldset>
      </div>
    </div>
  </div>
</div>
`;
