// Jest Snapshot v1, https://goo.gl/fbAQLP

exports[`Button Rendered 1`] = `
<button
  className="text-sm p-2 rounded-md hover:opacity-90 disabled:opacity-70 "
  data-testid="button"
  disabled={false}
  onClick={[MockFunction]}
  type="button"
>
  <div
    className="flex flex-row justify-center items-center"
  />
</button>
`;
