// Jest Snapshot v1, https://goo.gl/fbAQLP

exports[`Confirmation PopUp Rendered 1`] = `null`;
