// Jest Snapshot v1, https://goo.gl/fbAQLP

exports[`FileUploadCard rendered 1`] = `
Object {
  "asFragment": [Function],
  "baseElement": <body>
    <div>
      <div
        class="py-2 px-[10px] rounded-md border-[1px] border-greyCloud"
      >
        <div
          class="flex flex-row justify-between items-center text-sm font-normal text-slateGrey"
        >
          <div
            class="flex flex-row w-[90%]"
          >
            <div
              class="mr-[5px] w-[22px] h-[22px]"
            >
              <svg
                height="22"
                width="22"
              >
                greenTickFillIcon.svg
              </svg>
            </div>
            <div
              aria-label="report"
              class="truncate"
              data-mui-internal-clone-element="true"
            >
              report
            </div>
          </div>
          <svg
            class="cursor-pointer"
            data-testid="closeSuccess"
            stroke="#4B5563"
          >
            closeIcon.svg
          </svg>
        </div>
      </div>
    </div>
  </body>,
  "container": <div>
    <div
      class="py-2 px-[10px] rounded-md border-[1px] border-greyCloud"
    >
      <div
        class="flex flex-row justify-between items-center text-sm font-normal text-slateGrey"
      >
        <div
          class="flex flex-row w-[90%]"
        >
          <div
            class="mr-[5px] w-[22px] h-[22px]"
          >
            <svg
              height="22"
              width="22"
            >
              greenTickFillIcon.svg
            </svg>
          </div>
          <div
            aria-label="report"
            class="truncate"
            data-mui-internal-clone-element="true"
          >
            report
          </div>
        </div>
        <svg
          class="cursor-pointer"
          data-testid="closeSuccess"
          stroke="#4B5563"
        >
          closeIcon.svg
        </svg>
      </div>
    </div>
  </div>,
  "debug": [Function],
  "findAllByAltText": [Function],
  "findAllByDisplayValue": [Function],
  "findAllByLabelText": [Function],
  "findAllByPlaceholderText": [Function],
  "findAllByRole": [Function],
  "findAllByTestId": [Function],
  "findAllByText": [Function],
  "findAllByTitle": [Function],
  "findByAltText": [Function],
  "findByDisplayValue": [Function],
  "findByLabelText": [Function],
  "findByPlaceholderText": [Function],
  "findByRole": [Function],
  "findByTestId": [Function],
  "findByText": [Function],
  "findByTitle": [Function],
  "getAllByAltText": [Function],
  "getAllByDisplayValue": [Function],
  "getAllByLabelText": [Function],
  "getAllByPlaceholderText": [Function],
  "getAllByRole": [Function],
  "getAllByTestId": [Function],
  "getAllByText": [Function],
  "getAllByTitle": [Function],
  "getByAltText": [Function],
  "getByDisplayValue": [Function],
  "getByLabelText": [Function],
  "getByPlaceholderText": [Function],
  "getByRole": [Function],
  "getByTestId": [Function],
  "getByText": [Function],
  "getByTitle": [Function],
  "queryAllByAltText": [Function],
  "queryAllByDisplayValue": [Function],
  "queryAllByLabelText": [Function],
  "queryAllByPlaceholderText": [Function],
  "queryAllByRole": [Function],
  "queryAllByTestId": [Function],
  "queryAllByText": [Function],
  "queryAllByTitle": [Function],
  "queryByAltText": [Function],
  "queryByDisplayValue": [Function],
  "queryByLabelText": [Function],
  "queryByPlaceholderText": [Function],
  "queryByRole": [Function],
  "queryByTestId": [Function],
  "queryByText": [Function],
  "queryByTitle": [Function],
  "rerender": [Function],
  "unmount": [Function],
}
`;
