// Jest Snapshot v1, https://goo.gl/fbAQLP

exports[`FileUploader rendered 1`] = `
Object {
  "asFragment": [Function],
  "baseElement": <body>
    <div>
      <input
        accept=""
        class="overflow-hidden absolute w-0 h-0 opacity-0"
        data-testid="fileUploaderInput"
        id="Test"
        name="Test"
        type="file"
      />
      <label
        class="cursor-pointer"
        for="Test"
      >
        <div
          class="flex flex-row justify-center items-center py-[7px] px-[17px] text-sm text-white bg-primaryColor rounded-md 2xl:px-[65px]"
        >
          <svg
            class="mr-[9px]"
            height="24"
            width="24"
          >
            uploadIcon.svg
          </svg>
          Test
        </div>
      </label>
    </div>
  </body>,
  "container": <div>
    <input
      accept=""
      class="overflow-hidden absolute w-0 h-0 opacity-0"
      data-testid="fileUploaderInput"
      id="Test"
      name="Test"
      type="file"
    />
    <label
      class="cursor-pointer"
      for="Test"
    >
      <div
        class="flex flex-row justify-center items-center py-[7px] px-[17px] text-sm text-white bg-primaryColor rounded-md 2xl:px-[65px]"
      >
        <svg
          class="mr-[9px]"
          height="24"
          width="24"
        >
          uploadIcon.svg
        </svg>
        Test
      </div>
    </label>
  </div>,
  "debug": [Function],
  "findAllByAltText": [Function],
  "findAllByDisplayValue": [Function],
  "findAllByLabelText": [Function],
  "findAllByPlaceholderText": [Function],
  "findAllByRole": [Function],
  "findAllByTestId": [Function],
  "findAllByText": [Function],
  "findAllByTitle": [Function],
  "findByAltText": [Function],
  "findByDisplayValue": [Function],
  "findByLabelText": [Function],
  "findByPlaceholderText": [Function],
  "findByRole": [Function],
  "findByTestId": [Function],
  "findByText": [Function],
  "findByTitle": [Function],
  "getAllByAltText": [Function],
  "getAllByDisplayValue": [Function],
  "getAllByLabelText": [Function],
  "getAllByPlaceholderText": [Function],
  "getAllByRole": [Function],
  "getAllByTestId": [Function],
  "getAllByText": [Function],
  "getAllByTitle": [Function],
  "getByAltText": [Function],
  "getByDisplayValue": [Function],
  "getByLabelText": [Function],
  "getByPlaceholderText": [Function],
  "getByRole": [Function],
  "getByTestId": [Function],
  "getByText": [Function],
  "getByTitle": [Function],
  "queryAllByAltText": [Function],
  "queryAllByDisplayValue": [Function],
  "queryAllByLabelText": [Function],
  "queryAllByPlaceholderText": [Function],
  "queryAllByRole": [Function],
  "queryAllByTestId": [Function],
  "queryAllByText": [Function],
  "queryAllByTitle": [Function],
  "queryByAltText": [Function],
  "queryByDisplayValue": [Function],
  "queryByLabelText": [Function],
  "queryByPlaceholderText": [Function],
  "queryByRole": [Function],
  "queryByTestId": [Function],
  "queryByText": [Function],
  "queryByTitle": [Function],
  "rerender": [Function],
  "unmount": [Function],
}
`;
